src/app/(auth)/login/page.tsx(61,12): error TS2741: Property 'onClick' is missing in type '{ children: string; type: string; className: string; disabled: boolean; }' but required in type '{ children: any; onClick: any; type?: string | undefined; variant?: string | undefined; className?: string | undefined; disabled?: boolean | undefined; }'.
src/app/(auth)/register/page.tsx(70,12): error TS2741: Property 'onClick' is missing in type '{ children: string; type: string; className: string; disabled: boolean; }' but required in type '{ children: any; onClick: any; type?: string | undefined; variant?: string | undefined; className?: string | undefined; disabled?: boolean | undefined; }'.
src/app/ai-checker/page.tsx(70,14): error TS2741: Property 'onClick' is missing in type '{ children: string; type: string; className: string; }' but required in type '{ children: any; onClick: any; type?: string | undefined; variant?: string | undefined; className?: string | undefined; disabled?: boolean | undefined; }'.
src/app/cycle-tracker/page.tsx(92,18): error TS2741: Property 'placeholder' is missing in type '{ label: string; type: string; value: string; onChange: (e: any) => void; required: true; }' but required in type '{ label: any; type?: string | undefined; value: any; onChange: any; placeholder: any; required?: boolean | undefined; className?: string | undefined; }'.
src/app/cycle-tracker/page.tsx(93,18): error TS2741: Property 'placeholder' is missing in type '{ label: string; type: string; value: string; onChange: (e: any) => void; }' but required in type '{ label: any; type?: string | undefined; value: any; onChange: any; placeholder: any; required?: boolean | undefined; className?: string | undefined; }'.
src/app/cycle-tracker/page.tsx(102,18): error TS2741: Property 'onClick' is missing in type '{ children: string; type: string; className: string; }' but required in type '{ children: any; onClick: any; type?: string | undefined; variant?: string | undefined; className?: string | undefined; disabled?: boolean | undefined; }'.
src/app/cycle-tracker/page.tsx(109,18): error TS2741: Property 'placeholder' is missing in type '{ label: string; type: string; value: string; onChange: (e: any) => void; required: true; }' but required in type '{ label: any; type?: string | undefined; value: any; onChange: any; placeholder: any; required?: boolean | undefined; className?: string | undefined; }'.
src/app/cycle-tracker/page.tsx(120,18): error TS2741: Property 'onClick' is missing in type '{ children: string; type: string; className: string; }' but required in type '{ children: any; onClick: any; type?: string | undefined; variant?: string | undefined; className?: string | undefined; disabled?: boolean | undefined; }'.
src/app/dashboard/page.tsx(48,12): error TS2741: Property 'onClick' is missing in type '{ children: (string | Element)[]; className: string; }' but required in type '{ children: any; onClick: any; type?: string | undefined; variant?: string | undefined; className?: string | undefined; disabled?: boolean | undefined; }'.
src/app/dashboard/page.tsx(99,15): error TS2741: Property 'onClick' is missing in type '{ children: (string | Element)[]; variant: string; className: string; }' but required in type '{ children: any; onClick: any; type?: string | undefined; variant?: string | undefined; className?: string | undefined; disabled?: boolean | undefined; }'.
src/app/dashboard/page.tsx(106,15): error TS2741: Property 'onClick' is missing in type '{ children: string; variant: string; className: string; }' but required in type '{ children: any; onClick: any; type?: string | undefined; variant?: string | undefined; className?: string | undefined; disabled?: boolean | undefined; }'.
src/app/emergency/page.tsx(83,14): error TS2741: Property 'onClick' is missing in type '{ children: string; type: string; className: string; }' but required in type '{ children: any; onClick: any; type?: string | undefined; variant?: string | undefined; className?: string | undefined; disabled?: boolean | undefined; }'.
src/app/forum/page.tsx(89,12): error TS2741: Property 'onClick' is missing in type '{ children: string; type: string; }' but required in type '{ children: any; onClick: any; type?: string | undefined; variant?: string | undefined; className?: string | undefined; disabled?: boolean | undefined; }'.
src/app/page.tsx(30,12): error TS2741: Property 'onClick' is missing in type '{ children: string; className: string; }' but required in type '{ children: any; onClick: any; type?: string | undefined; variant?: string | undefined; className?: string | undefined; disabled?: boolean | undefined; }'.
src/app/page.tsx(33,12): error TS2741: Property 'onClick' is missing in type '{ children: string; variant: string; className: string; }' but required in type '{ children: any; onClick: any; type?: string | undefined; variant?: string | undefined; className?: string | undefined; disabled?: boolean | undefined; }'.
